package org.assertj.assertions.generator.data;

import static org.assertj.core.groups.Properties.extractProperty;

import java.util.List;
import org.assertj.core.internal.cglib.proxy.Enhancer;

import org.assertj.core.api.ErrorCollector;
import org.assertj.core.api.SoftAssertionError;

import org.assertj.assertions.generator.data.lotr.Race;
import org.assertj.assertions.generator.data.lotr.RaceAssert;
import org.assertj.assertions.generator.data.lotr.Ring;
import org.assertj.assertions.generator.data.lotr.RingAssert;
import org.assertj.assertions.generator.data.lotr.TolkienCharacter;
import org.assertj.assertions.generator.data.lotr.TolkienCharacterAssert;

/**
 * Entry point for assertion of different data types. Each method in this class is a static factory for the
 * type-specific assertion objects.
 */
public class SoftAssertions {

  /** Collects error messages of all AssertionErrors thrown by the proxied method. */
  protected final ErrorCollector collector = new ErrorCollector();

  /** Creates a new </code>{@link SoftAssertions}</code>. */
  public SoftAssertions() {
  }

  /**
   * Verifies that no proxied assertion methods have failed.
   *
   * @throws SoftAssertionError if any proxied assertion objects threw
   */
  public void assertAll() {
    List<Throwable> errors = collector.errors();
    if (!errors.isEmpty()) {
      throw new SoftAssertionError(extractProperty("message", String.class).from(errors));
    }
  }

  @SuppressWarnings("unchecked")
  protected <T, V> V proxy(Class<V> assertClass, Class<T> actualClass, T actual) {
    Enhancer enhancer = new Enhancer();
    enhancer.setSuperclass(assertClass);
    enhancer.setCallback(collector);
    return (V) enhancer.create(new Class[] { actualClass }, new Object[] { actual });
  }

  /**
   * Creates a new "soft" instance of <code>{@link ArtWorkAssert}</code>.
   *
   * @param actual the actual value.
   * @return the created "soft" assertion object.
   */
  public ArtWorkAssert assertThat(ArtWork actual) {
    return proxy(ArtWorkAssert.class, ArtWork.class, actual);
  }

  /**
   * Creates a new "soft" instance of <code>{@link MovieAssert}</code>.
   *
   * @param actual the actual value.
   * @return the created "soft" assertion object.
   */
  public MovieAssert assertThat(Movie actual) {
    return proxy(MovieAssert.class, Movie.class, actual);
  }

  /**
   * Creates a new "soft" instance of <code>{@link MoviePublicCategoryAssert}</code>.
   *
   * @param actual the actual value.
   * @return the created "soft" assertion object.
   */
  public MoviePublicCategoryAssert assertThat(Movie.PublicCategory actual) {
    return proxy(MoviePublicCategoryAssert.class, Movie.PublicCategory.class, actual);
  }

  /**
   * Creates a new "soft" instance of <code>{@link NameAssert}</code>.
   *
   * @param actual the actual value.
   * @return the created "soft" assertion object.
   */
  public NameAssert assertThat(Name actual) {
    return proxy(NameAssert.class, Name.class, actual);
  }

  /**
   * Creates a new "soft" instance of <code>{@link PlayerAssert}</code>.
   *
   * @param actual the actual value.
   * @return the created "soft" assertion object.
   */
  public PlayerAssert assertThat(Player actual) {
    return proxy(PlayerAssert.class, Player.class, actual);
  }

  /**
   * Creates a new "soft" instance of <code>{@link RaceAssert}</code>.
   *
   * @param actual the actual value.
   * @return the created "soft" assertion object.
   */
  public RaceAssert assertThat(Race actual) {
    return proxy(RaceAssert.class, Race.class, actual);
  }

  /**
   * Creates a new "soft" instance of <code>{@link RingAssert}</code>.
   *
   * @param actual the actual value.
   * @return the created "soft" assertion object.
   */
  public RingAssert assertThat(Ring actual) {
    return proxy(RingAssert.class, Ring.class, actual);
  }

  /**
   * Creates a new "soft" instance of <code>{@link TolkienCharacterAssert}</code>.
   *
   * @param actual the actual value.
   * @return the created "soft" assertion object.
   */
  public TolkienCharacterAssert assertThat(TolkienCharacter actual) {
    return proxy(TolkienCharacterAssert.class, TolkienCharacter.class, actual);
  }

  /**
   * Creates a new "soft" instance of <code>{@link TreeEnumAssert}</code>.
   *
   * @param actual the actual value.
   * @return the created "soft" assertion object.
   */
  public TreeEnumAssert assertThat(TreeEnum actual) {
    return proxy(TreeEnumAssert.class, TreeEnum.class, actual);
  }

}
